Info: Starting: Create block symbol file (.bsf)
Info: qsys-generate C:\Users\phaqu\Documents\18-2\SD\VGA_controller\unsaved.qsys --block-symbol-file --output-directory=C:\Users\phaqu\Documents\18-2\SD\VGA_controller\unsaved --family="Cyclone V" --part=5CSEMA5F31C6
Progress: Loading VGA_controller/unsaved.qsys
Progress: Reading input file
Progress: Adding clk_0 [clock_source 18.0]
Progress: Parameterizing module clk_0
Progress: Adding video_vga_controller_0 [altera_up_avalon_video_vga_controller 18.0]
Progress: Parameterizing module video_vga_controller_0
Progress: Building connections
Progress: Parameterizing connections
Progress: Validating
Progress: Done reading input file
Warning: unsaved.video_vga_controller_0: Unable to verify clock frequency. Make sure the VGA clock has a frequency of 40.0 MHz.
Info: unsaved.video_vga_controller_0: Video Output Stream: Format: 800 x 600 with Color: 10 (bits) x 3 (planes) converted to 8 (bits) per color plane
Warning: unsaved.video_vga_controller_0: video_vga_controller_0.external_interface must be exported, or connected to a matching conduit.
Info: qsys-generate succeeded.
Info: Finished: Create block symbol file (.bsf)
Info: 
Info: Starting: Create HDL design files for synthesis
Info: qsys-generate C:\Users\phaqu\Documents\18-2\SD\VGA_controller\unsaved.qsys --synthesis=VHDL --output-directory=C:\Users\phaqu\Documents\18-2\SD\VGA_controller\unsaved\synthesis --family="Cyclone V" --part=5CSEMA5F31C6
Progress: Loading VGA_controller/unsaved.qsys
Progress: Reading input file
Progress: Adding clk_0 [clock_source 18.0]
Progress: Parameterizing module clk_0
Progress: Adding video_vga_controller_0 [altera_up_avalon_video_vga_controller 18.0]
Progress: Parameterizing module video_vga_controller_0
Progress: Building connections
Progress: Parameterizing connections
Progress: Validating
Progress: Done reading input file
Warning: unsaved.video_vga_controller_0: Unable to verify clock frequency. Make sure the VGA clock has a frequency of 40.0 MHz.
Info: unsaved.video_vga_controller_0: Video Output Stream: Format: 800 x 600 with Color: 10 (bits) x 3 (planes) converted to 8 (bits) per color plane
Warning: unsaved.video_vga_controller_0: video_vga_controller_0.external_interface must be exported, or connected to a matching conduit.
Info: unsaved: Generating unsaved "unsaved" for QUARTUS_SYNTH
Info: video_vga_controller_0: Starting Generation of VGA Controller
Info: video_vga_controller_0: "unsaved" instantiated altera_up_avalon_video_vga_controller "video_vga_controller_0"
Info: unsaved: Done "unsaved" with 2 modules, 3 files
Info: qsys-generate succeeded.
Info: Finished: Create HDL design files for synthesis
